// Jest Snapshot v1, https://goo.gl/fbAQLP

exports[`<MessagePage /> renders the UI as expected 1`] = `
<main
  className="chat__loading-container"
>
  <p
    className="chat__loading"
  >
    Chat Loading...
  </p>
</main>
`;
