// Jest Snapshot v1, https://goo.gl/fbAQLP

exports[`<ConfirmDialog /> renders the UI as expected 1`] = `
<div
  className="back-drop fade-in"
>
  <div
    className="ConfirmDialog fade-in"
  >
    <h1
      className="ConfirmDialog__text"
    >
      Are you sure?
    </h1>
    <div
      className="ConfirmDialog__controls"
    >
      <button
        className="blue-button"
        onClick={[Function]}
      >
        Yes
      </button>
      <button
        className="blue-button"
        onClick={[Function]}
      >
        No
      </button>
    </div>
  </div>
</div>
`;
