// Jest Snapshot v1, https://goo.gl/fbAQLP

exports[`<MainPage /> renders the UI as expected 1`] = `null`;
